// Jest Snapshot v1, https://goo.gl/fbAQLP

exports[`App Component Test renders the app 1`] = `
<BrowserRouter>
  <Switch>
    <Route
      component={[Function]}
      path="/"
    />
    <Route
      component={[Function]}
      path="/blue"
    />
    <Route
      component={[Function]}
      path="/yellow"
    />
    <Route
      component={[Function]}
      path="/red"
    />
  </Switch>
</BrowserRouter>
`;
