// Jest Snapshot v1, https://goo.gl/fbAQLP

exports[`Yellow Component Test renders the Yellow component 1`] = `
<div
  style={
    Object {
      "backgroundColor": "blue",
      "borderRadius": "100%",
      "height": "550px",
      "width": "550px",
    }
  }
/>
`;
